// Jest Snapshot v1, https://goo.gl/fbAQLP

exports[`EditItem component renders the UI as expected 1`] = `
<div>
  <header>
    <div
      className="gb-header__container"
    >
      <header
        className="gb-main__header"
      >
        <a
          aria-current={null}
          href="/homepage"
          onClick={[Function]}
        >
          <h1>
            GearBoard
          </h1>
        </a>
      </header>
      <nav
        className="nav"
      >
        <div
          className="nav__main-links"
        >
          <a
            aria-current={null}
            className="gb-link__all"
            href="/homepage"
            onClick={[Function]}
          >
            All Gear
          </a>
          <a
            aria-current={null}
            className="gb-link__new"
            href="/new-item"
            onClick={[Function]}
          >
            Submit new item
          </a>
          <a
            aria-current="page"
            className="gb-link__logout active"
            href="/"
            onClick={[Function]}
            style={Object {}}
          >
            Logout
          </a>
        </div>
        <span
          className="navbar-toggle"
          id="js-navbar-toggle"
        />
      </nav>
    </div>
  </header>
  <main>
    <form
      className="gb-edit-item__form"
      onSubmit={[Function]}
    >
      <fieldset>
        <legend>
          <h2>
            Edit Gear Form
          </h2>
        </legend>
        <label
          htmlFor="gear-name"
        >
          Gear Name:
        </label>
        <input
          id="gear-name"
          name="gear_name"
          onChange={[Function]}
          required={true}
          type="text"
        />
        <label
          htmlFor="description"
        >
          Features:
        </label>
        <textarea
          id="features"
          name="features"
          onChange={[Function]}
          required={true}
          type="textarea"
        />
        <label
          htmlFor="comment"
        >
          Comments:
        </label>
        <textarea
          id="comment"
          name="comments"
          onChange={[Function]}
          type="textarea"
        />
        <label
          htmlFor="rating"
        >
          Rating:
        </label>
        <select
          id="gb-rating"
          name="rating"
          onChange={[Function]}
        >
          <option
            value=""
          />
          <option
            value="ðŸŽ¸"
          >
            ðŸŽ¸
          </option>
          <option
            value="ðŸŽ¸ðŸŽ¸"
          >
            ðŸŽ¸ðŸŽ¸
          </option>
          <option
            value="ðŸŽ¸ðŸŽ¸ðŸŽ¸"
          >
            ðŸŽ¸ðŸŽ¸ðŸŽ¸
          </option>
          <option
            value="ðŸŽ¸ðŸŽ¸ðŸŽ¸ðŸŽ¸"
          >
            ðŸŽ¸ðŸŽ¸ðŸŽ¸ðŸŽ¸
          </option>
          <option
            value="ðŸŽ¸ðŸŽ¸ðŸŽ¸ðŸŽ¸ðŸŽ¸"
          >
            ðŸŽ¸ðŸŽ¸ðŸŽ¸ðŸŽ¸ðŸŽ¸
          </option>
        </select>
      </fieldset>
      <button
        className="gb-edit__button"
      >
        Edit Gear
      </button>
    </form>
    <div>
      <button
        className="gb-edit__goback-button"
        onClick={[Function]}
        role="link"
        tag="button"
      >
        Back
      </button>
    </div>
  </main>
</div>
`;
