// Jest Snapshot v1, https://goo.gl/fbAQLP

exports[`Footer component renders the UI as expected 1`] = `
<footer
  className="footer"
>
  <div
    className="footer__brand-container"
  >
    <p
      className="footer__author-text"
    >
      Created by 
      <a
        href="https://oliviadavis593.github.io/portfolio/"
        rel="noopener noreferrer"
        target="_blank"
      >
        Olivia Davis
      </a>
    </p>
  </div>
  <div
    className="footer__social-media"
  >
    <a
      href="https://github.com/oliviadavis593"
      rel="noopener noreferrer"
      target="_blank"
    >
      GitHub
    </a>
    <a
      href="https://www.linkedin.com/in/olivia-davis-ab1848105/"
      rel="noopener noreferrer"
      target="_blank"
    >
      LinkedIn
    </a>
  </div>
  <div
    className="copyright-text"
  >
    <p>
      Copyright Â© 2020
      <br />
      All Rights Reserved
    </p>
  </div>
</footer>
`;
